-- Basic functionality tests for pg_session_jwt

-- Test auth.init() function
SELECT auth.init();
 init 
------
 
(1 row)

-- Test creating a session with a valid JWT
-- In real tests, we would use a function to generate a valid JWT
DO $$
DECLARE
    -- This is a placeholder value that should be replaced with a real JWT at test time
    test_jwt TEXT := 'PLACEHOLDER.JWT.VALUE';
BEGIN
    PERFORM auth.jwt_session_init(test_jwt);
END;
$$;
DO

-- Test auth.session() function
SELECT auth.session() IS NOT NULL AS session_exists;
 session_exists 
---------------
 t
(1 row)

-- Test auth.user_id() function
SELECT auth.user_id() AS user_id;
  user_id   
------------
 test_user
(1 row)
